2026-09-27 13:06:54.659  INFO 2616 --- [main] c.n.TerdiWaterSuppySchemeApplication     : Starting TerdiWaterSuppySchemeApplication using Java 17.0.12 on LAPTOP-KVPJFA46 with PID 2616 (C:\Users\Amisha More\git\terdi-water-supply-system\target\classes started by Amisha More in C:\Users\Amisha More\git\terdi-water-supply-system)
2026-09-27 13:06:54.664  INFO 2616 --- [main] c.n.TerdiWaterSuppySchemeApplication     : No active profile set, falling back to 1 default profile: "default"
2026-09-27 13:06:55.021  INFO 2616 --- [main] .s.d.r.c.RepositoryConfigurationDelegate : Bootstrapping Spring Data JPA repositories in DEFAULT mode.
2026-09-27 13:06:55.038  INFO 2616 --- [main] .s.d.r.c.RepositoryConfigurationDelegate : Finished Spring Data repository scanning in 6 ms. Found 0 JPA repository interfaces.
2026-09-27 13:06:55.350  INFO 2616 --- [main] o.s.b.w.embedded.tomcat.TomcatWebServer  : Tomcat initialized with port(s): 8081 (http)
2026-09-27 13:06:55.356  INFO 2616 --- [main] o.apache.catalina.core.StandardService   : Starting service [Tomcat]
2026-09-27 13:06:55.356  INFO 2616 --- [main] org.apache.catalina.core.StandardEngine  : Starting Servlet engine: [Apache Tomcat/9.0.65]
2026-09-27 13:06:55.581  INFO 2616 --- [main] org.apache.jasper.servlet.TldScanner     : At least one JAR was scanned for TLDs yet contained no TLDs. Enable debug logging for this logger for a complete list of JARs that were scanned but no TLDs were found in them. Skipping unneeded JARs during scanning can improve startup time and JSP compilation time.
2026-09-27 13:06:55.587  INFO 2616 --- [main] o.a.c.c.C.[Tomcat].[localhost].[/]       : Initializing Spring embedded WebApplicationContext
2026-09-27 13:06:55.587  INFO 2616 --- [main] w.s.c.ServletWebServerApplicationContext : Root WebApplicationContext: initialization completed in 892 ms
2026-09-27 13:06:55.678  INFO 2616 --- [main] com.zaxxer.hikari.HikariDataSource       : database1 - Starting...
2026-09-27 13:06:55.874  INFO 2616 --- [main] com.zaxxer.hikari.HikariDataSource       : database1 - Start completed.
2026-09-27 13:06:55.910  INFO 2616 --- [main] o.hibernate.jpa.internal.util.LogHelper  : HHH000204: Processing PersistenceUnitInfo [name: default]
2026-09-27 13:06:55.944  INFO 2616 --- [main] org.hibernate.Version                    : HHH000412: Hibernate ORM core version 5.6.10.Final
2026-09-27 13:06:56.070  INFO 2616 --- [main] o.hibernate.annotations.common.Version   : HCANN000001: Hibernate Commons Annotations {5.1.2.Final}
2026-09-27 13:06:56.146  INFO 2616 --- [main] org.hibernate.dialect.Dialect            : HHH000400: Using dialect: org.hibernate.dialect.MySQL5Dialect
2026-09-27 13:06:56.261  INFO 2616 --- [main] o.h.e.t.j.p.i.JtaPlatformInitiator       : HHH000490: Using JtaPlatform implementation: [org.hibernate.engine.transaction.jta.platform.internal.NoJtaPlatform]
2026-09-27 13:06:56.268  INFO 2616 --- [main] j.LocalContainerEntityManagerFactoryBean : Initialized JPA EntityManagerFactory for persistence unit 'default'
2026-09-27 13:06:56.313  WARN 2616 --- [main] JpaBaseConfiguration$JpaWebConfiguration : spring.jpa.open-in-view is enabled by default. Therefore, database queries may be performed during view rendering. Explicitly configure spring.jpa.open-in-view to disable this warning
2026-09-27 13:06:56.529  INFO 2616 --- [main] o.s.b.w.embedded.tomcat.TomcatWebServer  : Tomcat started on port(s): 8081 (http) with context path ''
2026-09-27 13:06:56.536  INFO 2616 --- [main] c.n.TerdiWaterSuppySchemeApplication     : Started TerdiWaterSuppySchemeApplication in 2.14 seconds (JVM running for 2.563)
2026-09-27 13:07:46.351  INFO 2616 --- [http-nio-8081-exec-1] o.a.c.c.C.[Tomcat].[localhost].[/]       : Initializing Spring DispatcherServlet 'dispatcherServlet'
2026-09-27 13:07:46.351  INFO 2616 --- [http-nio-8081-exec-1] o.s.web.servlet.DispatcherServlet        : Initializing Servlet 'dispatcherServlet'
2026-09-27 13:07:46.351  INFO 2616 --- [http-nio-8081-exec-1] o.s.web.servlet.DispatcherServlet        : Completed initialization in 0 ms
2026-09-27 13:08:05.154  INFO 2616 --- [http-nio-8081-exec-4] com.nikhil.controller.users_controller   : login user method
2026-09-27 13:08:05.155  INFO 2616 --- [http-nio-8081-exec-4] com.nikhil.service.users_service         : getLogin method
2026-09-27 13:08:05.163  INFO 2616 --- [http-nio-8081-exec-4] com.nikhil.dao.users_dao                 : MemberBo method
2026-09-27 13:24:44.024  INFO 2616 --- [http-nio-8081-exec-9] com.nikhil.controller.users_controller   : login user method
2026-09-27 13:24:44.025  INFO 2616 --- [http-nio-8081-exec-9] com.nikhil.service.users_service         : getLogin method
2026-09-27 13:24:44.025  INFO 2616 --- [http-nio-8081-exec-9] com.nikhil.dao.users_dao                 : MemberBo method
2026-09-27 13:27:16.642  INFO 2616 --- [RMI TCP Connection(22)-127.0.0.1] inMXBeanRegistrar$SpringApplicationAdmin : Application shutdown requested.
2026-09-27 13:27:16.654  INFO 2616 --- [RMI TCP Connection(22)-127.0.0.1] o.apache.catalina.core.StandardService   : Stopping service [Tomcat]
2026-09-27 13:27:16.655  INFO 2616 --- [RMI TCP Connection(22)-127.0.0.1] o.a.c.c.C.[Tomcat].[localhost].[/]       : Destroying Spring FrameworkServlet 'dispatcherServlet'
2026-09-27 13:27:16.659  INFO 2616 --- [RMI TCP Connection(22)-127.0.0.1] j.LocalContainerEntityManagerFactoryBean : Closing JPA EntityManagerFactory for persistence unit 'default'
2026-09-27 13:27:16.660  INFO 2616 --- [RMI TCP Connection(22)-127.0.0.1] com.zaxxer.hikari.HikariDataSource       : database1 - Shutdown initiated...
2026-09-27 13:27:16.664  INFO 2616 --- [RMI TCP Connection(22)-127.0.0.1] com.zaxxer.hikari.HikariDataSource       : database1 - Shutdown completed.
